Archive member included to satisfy reference by file (symbol)

/opt/avr8-gnu-toolchain-linux_x86_64/bin/../lib/gcc/avr/5.4.0/avr5/libgcc.a(_udivmodqi4.o)
                              nokia5110.o (__udivmodqi4)
/opt/avr8-gnu-toolchain-linux_x86_64/bin/../lib/gcc/avr/5.4.0/avr5/libgcc.a(_exit.o)
                              /opt/avr8-gnu-toolchain-linux_x86_64/bin/../lib/gcc/avr/5.4.0/../../../../avr/lib/avr5/crtatmega328p.o (exit)
/opt/avr8-gnu-toolchain-linux_x86_64/bin/../lib/gcc/avr/5.4.0/avr5/libgcc.a(_tablejump2.o)
                              timer.o (__tablejump2__)
/opt/avr8-gnu-toolchain-linux_x86_64/bin/../lib/gcc/avr/5.4.0/avr5/libgcc.a(_copy_data.o)
                              main.o (__do_copy_data)
/opt/avr8-gnu-toolchain-linux_x86_64/bin/../lib/gcc/avr/5.4.0/avr5/libgcc.a(_clear_bss.o)
                              uart.o (__do_clear_bss)
/opt/avr8-gnu-toolchain-linux_x86_64/bin/../lib/gcc/avr/5.4.0/../../../../avr/lib/avr5/libm.a(fixunssfsi.o)
                              usound.o (__fixunssfsi)
/opt/avr8-gnu-toolchain-linux_x86_64/bin/../lib/gcc/avr/5.4.0/../../../../avr/lib/avr5/libm.a(floatsisf.o)
                              usound.o (__floatunsisf)
/opt/avr8-gnu-toolchain-linux_x86_64/bin/../lib/gcc/avr/5.4.0/../../../../avr/lib/avr5/libm.a(fp_split3.o)
                              /opt/avr8-gnu-toolchain-linux_x86_64/bin/../lib/gcc/avr/5.4.0/../../../../avr/lib/avr5/libm.a(fixunssfsi.o) (__fp_splitA)
/opt/avr8-gnu-toolchain-linux_x86_64/bin/../lib/gcc/avr/5.4.0/../../../../avr/lib/avr5/libm.a(fp_zero.o)
                              /opt/avr8-gnu-toolchain-linux_x86_64/bin/../lib/gcc/avr/5.4.0/../../../../avr/lib/avr5/libm.a(fixunssfsi.o) (__fp_zero)
/opt/avr8-gnu-toolchain-linux_x86_64/bin/../lib/gcc/avr/5.4.0/../../../../avr/lib/avr5/libm.a(mulsf3.o)
                              usound.o (__mulsf3)
/opt/avr8-gnu-toolchain-linux_x86_64/bin/../lib/gcc/avr/5.4.0/../../../../avr/lib/avr5/libm.a(mulsf3x.o)
                              /opt/avr8-gnu-toolchain-linux_x86_64/bin/../lib/gcc/avr/5.4.0/../../../../avr/lib/avr5/libm.a(mulsf3.o) (__mulsf3x)
/opt/avr8-gnu-toolchain-linux_x86_64/bin/../lib/gcc/avr/5.4.0/../../../../avr/lib/avr5/libm.a(fp_inf.o)
                              /opt/avr8-gnu-toolchain-linux_x86_64/bin/../lib/gcc/avr/5.4.0/../../../../avr/lib/avr5/libm.a(mulsf3x.o) (__fp_inf)
/opt/avr8-gnu-toolchain-linux_x86_64/bin/../lib/gcc/avr/5.4.0/../../../../avr/lib/avr5/libm.a(fp_nan.o)
                              /opt/avr8-gnu-toolchain-linux_x86_64/bin/../lib/gcc/avr/5.4.0/../../../../avr/lib/avr5/libm.a(mulsf3x.o) (__fp_nan)
/opt/avr8-gnu-toolchain-linux_x86_64/bin/../lib/gcc/avr/5.4.0/../../../../avr/lib/avr5/libm.a(fp_pscA.o)
                              /opt/avr8-gnu-toolchain-linux_x86_64/bin/../lib/gcc/avr/5.4.0/../../../../avr/lib/avr5/libm.a(mulsf3x.o) (__fp_pscA)
/opt/avr8-gnu-toolchain-linux_x86_64/bin/../lib/gcc/avr/5.4.0/../../../../avr/lib/avr5/libm.a(fp_pscB.o)
                              /opt/avr8-gnu-toolchain-linux_x86_64/bin/../lib/gcc/avr/5.4.0/../../../../avr/lib/avr5/libm.a(mulsf3x.o) (__fp_pscB)
/opt/avr8-gnu-toolchain-linux_x86_64/bin/../lib/gcc/avr/5.4.0/../../../../avr/lib/avr5/libm.a(fp_round.o)
                              /opt/avr8-gnu-toolchain-linux_x86_64/bin/../lib/gcc/avr/5.4.0/../../../../avr/lib/avr5/libm.a(mulsf3.o) (__fp_round)
/opt/avr8-gnu-toolchain-linux_x86_64/bin/../lib/gcc/avr/5.4.0/../../../../avr/lib/avr5/libc.a(itoa_ncheck.o)
                              main.o (__itoa_ncheck)
/opt/avr8-gnu-toolchain-linux_x86_64/bin/../lib/gcc/avr/5.4.0/../../../../avr/lib/avr5/libc.a(utoa_ncheck.o)
                              /opt/avr8-gnu-toolchain-linux_x86_64/bin/../lib/gcc/avr/5.4.0/../../../../avr/lib/avr5/libc.a(itoa_ncheck.o) (__utoa_common)
/opt/avr8-gnu-toolchain-linux_x86_64/bin/../lib/gcc/avr/5.4.0/../../../../avr/lib/avr5/libc.a(strrev.o)
                              /opt/avr8-gnu-toolchain-linux_x86_64/bin/../lib/gcc/avr/5.4.0/../../../../avr/lib/avr5/libc.a(utoa_ncheck.o) (strrev)

Memory Configuration

Name             Origin             Length             Attributes
text             0x0000000000000000 0x0000000000020000 xr
data             0x0000000000800060 0x000000000000ffa0 rw !x
eeprom           0x0000000000810000 0x0000000000010000 rw !x
fuse             0x0000000000820000 0x0000000000000003 rw !x
lock             0x0000000000830000 0x0000000000000400 rw !x
signature        0x0000000000840000 0x0000000000000400 rw !x
user_signatures  0x0000000000850000 0x0000000000000400 rw !x
*default*        0x0000000000000000 0xffffffffffffffff

Linker script and memory map

Address of section .data set to 0x800100
LOAD /opt/avr8-gnu-toolchain-linux_x86_64/bin/../lib/gcc/avr/5.4.0/../../../../avr/lib/avr5/crtatmega328p.o
LOAD main.o
LOAD uart.o
LOAD twi.o
LOAD timer.o
LOAD nokia5110.o
LOAD usound.o
START GROUP
LOAD /opt/avr8-gnu-toolchain-linux_x86_64/bin/../lib/gcc/avr/5.4.0/avr5/libgcc.a
LOAD /opt/avr8-gnu-toolchain-linux_x86_64/bin/../lib/gcc/avr/5.4.0/../../../../avr/lib/avr5/libm.a
LOAD /opt/avr8-gnu-toolchain-linux_x86_64/bin/../lib/gcc/avr/5.4.0/../../../../avr/lib/avr5/libc.a
LOAD /opt/avr8-gnu-toolchain-linux_x86_64/bin/../lib/gcc/avr/5.4.0/../../../../avr/lib/avr5/libatmega328p.a
END GROUP
                0x0000000000020000                __TEXT_REGION_LENGTH__ = DEFINED (__TEXT_REGION_LENGTH__)?__TEXT_REGION_LENGTH__:0x20000
                0x000000000000ffa0                __DATA_REGION_LENGTH__ = DEFINED (__DATA_REGION_LENGTH__)?__DATA_REGION_LENGTH__:0xffa0
                0x0000000000010000                __EEPROM_REGION_LENGTH__ = DEFINED (__EEPROM_REGION_LENGTH__)?__EEPROM_REGION_LENGTH__:0x10000
                [0x0000000000000003]                __FUSE_REGION_LENGTH__ = DEFINED (__FUSE_REGION_LENGTH__)?__FUSE_REGION_LENGTH__:0x400
                0x0000000000000400                __LOCK_REGION_LENGTH__ = DEFINED (__LOCK_REGION_LENGTH__)?__LOCK_REGION_LENGTH__:0x400
                0x0000000000000400                __SIGNATURE_REGION_LENGTH__ = DEFINED (__SIGNATURE_REGION_LENGTH__)?__SIGNATURE_REGION_LENGTH__:0x400
                0x0000000000000400                __USER_SIGNATURE_REGION_LENGTH__ = DEFINED (__USER_SIGNATURE_REGION_LENGTH__)?__USER_SIGNATURE_REGION_LENGTH__:0x400

.hash
 *(.hash)

.dynsym
 *(.dynsym)

.dynstr
 *(.dynstr)

.gnu.version
 *(.gnu.version)

.gnu.version_d
 *(.gnu.version_d)

.gnu.version_r
 *(.gnu.version_r)

.rel.init
 *(.rel.init)

.rela.init
 *(.rela.init)

.rel.text
 *(.rel.text)
 *(.rel.text.*)
 *(.rel.gnu.linkonce.t*)

.rela.text
 *(.rela.text)
 *(.rela.text.*)
 *(.rela.gnu.linkonce.t*)

.rel.fini
 *(.rel.fini)

.rela.fini
 *(.rela.fini)

.rel.rodata
 *(.rel.rodata)
 *(.rel.rodata.*)
 *(.rel.gnu.linkonce.r*)

.rela.rodata
 *(.rela.rodata)
 *(.rela.rodata.*)
 *(.rela.gnu.linkonce.r*)

.rel.data
 *(.rel.data)
 *(.rel.data.*)
 *(.rel.gnu.linkonce.d*)

.rela.data
 *(.rela.data)
 *(.rela.data.*)
 *(.rela.gnu.linkonce.d*)

.rel.ctors
 *(.rel.ctors)

.rela.ctors
 *(.rela.ctors)

.rel.dtors
 *(.rel.dtors)

.rela.dtors
 *(.rela.dtors)

.rel.got
 *(.rel.got)

.rela.got
 *(.rela.got)

.rel.bss
 *(.rel.bss)

.rela.bss
 *(.rela.bss)

.rel.plt
 *(.rel.plt)

.rela.plt
 *(.rela.plt)

.text           0x0000000000000000      0xe20
 *(.vectors)
 .vectors       0x0000000000000000       0x68 /opt/avr8-gnu-toolchain-linux_x86_64/bin/../lib/gcc/avr/5.4.0/../../../../avr/lib/avr5/crtatmega328p.o
                0x0000000000000000                __vectors
                0x0000000000000000                __vector_default
 *(.vectors)
 *(.progmem.gcc*)
 .progmem.gcc_sw_table
                0x0000000000000068        0xe timer.o
                0x0000000000000076                . = ALIGN (0x2)
                0x0000000000000076                __trampolines_start = .
 *(.trampolines)
 .trampolines   0x0000000000000076        0x0 linker stubs
 *(.trampolines*)
                0x0000000000000076                __trampolines_end = .
 *libprintf_flt.a:*(.progmem.data)
 *libc.a:*(.progmem.data)
 *(.progmem*)
 .progmem.data  0x0000000000000076      0x1e0 nokia5110.o
                0x0000000000000076                CHARSET
                0x0000000000000256                . = ALIGN (0x2)
 *(.jumptables)
 *(.jumptables*)
 *(.lowtext)
 *(.lowtext*)
                0x0000000000000256                __ctors_start = .
 *(.ctors)
                0x0000000000000256                __ctors_end = .
                0x0000000000000256                __dtors_start = .
 *(.dtors)
                0x0000000000000256                __dtors_end = .
 SORT(*)(.ctors)
 SORT(*)(.dtors)
 *(.init0)
 .init0         0x0000000000000256        0x0 /opt/avr8-gnu-toolchain-linux_x86_64/bin/../lib/gcc/avr/5.4.0/../../../../avr/lib/avr5/crtatmega328p.o
                0x0000000000000256                __init
 *(.init0)
 *(.init1)
 *(.init1)
 *(.init2)
 .init2         0x0000000000000256        0xc /opt/avr8-gnu-toolchain-linux_x86_64/bin/../lib/gcc/avr/5.4.0/../../../../avr/lib/avr5/crtatmega328p.o
 *(.init2)
 *(.init3)
 *(.init3)
 *(.init4)
 .init4         0x0000000000000262       0x16 /opt/avr8-gnu-toolchain-linux_x86_64/bin/../lib/gcc/avr/5.4.0/avr5/libgcc.a(_copy_data.o)
                0x0000000000000262                __do_copy_data
 .init4         0x0000000000000278       0x10 /opt/avr8-gnu-toolchain-linux_x86_64/bin/../lib/gcc/avr/5.4.0/avr5/libgcc.a(_clear_bss.o)
                0x0000000000000278                __do_clear_bss
 *(.init4)
 *(.init5)
 *(.init5)
 *(.init6)
 *(.init6)
 *(.init7)
 *(.init7)
 *(.init8)
 *(.init8)
 *(.init9)
 .init9         0x0000000000000288        0x8 /opt/avr8-gnu-toolchain-linux_x86_64/bin/../lib/gcc/avr/5.4.0/../../../../avr/lib/avr5/crtatmega328p.o
 *(.init9)
 *(.text)
 .text          0x0000000000000290        0x4 /opt/avr8-gnu-toolchain-linux_x86_64/bin/../lib/gcc/avr/5.4.0/../../../../avr/lib/avr5/crtatmega328p.o
                0x0000000000000290                __vector_22
                0x0000000000000290                __vector_1
                0x0000000000000290                __vector_24
                0x0000000000000290                __vector_12
                0x0000000000000290                __bad_interrupt
                0x0000000000000290                __vector_6
                0x0000000000000290                __vector_3
                0x0000000000000290                __vector_23
                0x0000000000000290                __vector_25
                0x0000000000000290                __vector_11
                0x0000000000000290                __vector_13
                0x0000000000000290                __vector_17
                0x0000000000000290                __vector_7
                0x0000000000000290                __vector_5
                0x0000000000000290                __vector_4
                0x0000000000000290                __vector_9
                0x0000000000000290                __vector_2
                0x0000000000000290                __vector_21
                0x0000000000000290                __vector_15
                0x0000000000000290                __vector_8
                0x0000000000000290                __vector_14
                0x0000000000000290                __vector_10
                0x0000000000000290                __vector_16
                0x0000000000000290                __vector_20
 .text          0x0000000000000294       0x2c main.o
                0x0000000000000294                time_dif
 .text          0x00000000000002c0      0x17e uart.o
                0x00000000000002c0                __vector_18
                0x000000000000031c                __vector_19
                0x0000000000000370                uart_init
                0x00000000000003a2                uart_getc
                0x00000000000003de                uart_putc
                0x0000000000000408                uart_puts
                0x0000000000000420                uart_puts_p
 .text          0x000000000000043e       0x96 twi.o
                0x000000000000043e                twi_init
                0x000000000000045c                twi_start
                0x0000000000000490                twi_write
                0x00000000000004a4                twi_read_ack
                0x00000000000004b8                twi_read_nack
                0x00000000000004cc                twi_stop
 .text          0x00000000000004d4      0x1c0 timer.o
                0x00000000000004d4                TIM_config_prescaler
                0x0000000000000644                TIM_config_interrupt
 .text          0x0000000000000694      0x274 nokia5110.o
                0x00000000000006d2                nokia_lcd_init
                0x0000000000000758                nokia_lcd_clear
                0x000000000000077c                nokia_lcd_power
                0x000000000000078a                nokia_lcd_set_pixel
                0x00000000000007c6                nokia_lcd_write_char
                0x00000000000008b4                nokia_lcd_write_string
                0x00000000000008d4                nokia_lcd_set_cursor
                0x00000000000008de                nokia_lcd_render
 .text          0x0000000000000908       0x4c usound.o
                0x0000000000000908                usound_init
                0x000000000000090e                readDistance
 .text          0x0000000000000954        0x0 /opt/avr8-gnu-toolchain-linux_x86_64/bin/../lib/gcc/avr/5.4.0/avr5/libgcc.a(_udivmodqi4.o)
 .text          0x0000000000000954        0x0 /opt/avr8-gnu-toolchain-linux_x86_64/bin/../lib/gcc/avr/5.4.0/avr5/libgcc.a(_exit.o)
 .text          0x0000000000000954        0x0 /opt/avr8-gnu-toolchain-linux_x86_64/bin/../lib/gcc/avr/5.4.0/avr5/libgcc.a(_tablejump2.o)
 .text          0x0000000000000954        0x0 /opt/avr8-gnu-toolchain-linux_x86_64/bin/../lib/gcc/avr/5.4.0/avr5/libgcc.a(_copy_data.o)
 .text          0x0000000000000954        0x0 /opt/avr8-gnu-toolchain-linux_x86_64/bin/../lib/gcc/avr/5.4.0/avr5/libgcc.a(_clear_bss.o)
 .text          0x0000000000000954        0x0 /opt/avr8-gnu-toolchain-linux_x86_64/bin/../lib/gcc/avr/5.4.0/../../../../avr/lib/avr5/libm.a(fixunssfsi.o)
 .text          0x0000000000000954        0x0 /opt/avr8-gnu-toolchain-linux_x86_64/bin/../lib/gcc/avr/5.4.0/../../../../avr/lib/avr5/libm.a(floatsisf.o)
 .text          0x0000000000000954        0x0 /opt/avr8-gnu-toolchain-linux_x86_64/bin/../lib/gcc/avr/5.4.0/../../../../avr/lib/avr5/libm.a(fp_split3.o)
 .text          0x0000000000000954        0x0 /opt/avr8-gnu-toolchain-linux_x86_64/bin/../lib/gcc/avr/5.4.0/../../../../avr/lib/avr5/libm.a(fp_zero.o)
 .text          0x0000000000000954        0x0 /opt/avr8-gnu-toolchain-linux_x86_64/bin/../lib/gcc/avr/5.4.0/../../../../avr/lib/avr5/libm.a(mulsf3.o)
 .text          0x0000000000000954        0x0 /opt/avr8-gnu-toolchain-linux_x86_64/bin/../lib/gcc/avr/5.4.0/../../../../avr/lib/avr5/libm.a(mulsf3x.o)
 .text          0x0000000000000954        0x0 /opt/avr8-gnu-toolchain-linux_x86_64/bin/../lib/gcc/avr/5.4.0/../../../../avr/lib/avr5/libm.a(fp_inf.o)
 .text          0x0000000000000954        0x0 /opt/avr8-gnu-toolchain-linux_x86_64/bin/../lib/gcc/avr/5.4.0/../../../../avr/lib/avr5/libm.a(fp_nan.o)
 .text          0x0000000000000954        0x0 /opt/avr8-gnu-toolchain-linux_x86_64/bin/../lib/gcc/avr/5.4.0/../../../../avr/lib/avr5/libm.a(fp_pscA.o)
 .text          0x0000000000000954        0x0 /opt/avr8-gnu-toolchain-linux_x86_64/bin/../lib/gcc/avr/5.4.0/../../../../avr/lib/avr5/libm.a(fp_pscB.o)
 .text          0x0000000000000954        0x0 /opt/avr8-gnu-toolchain-linux_x86_64/bin/../lib/gcc/avr/5.4.0/../../../../avr/lib/avr5/libm.a(fp_round.o)
 .text          0x0000000000000954        0x0 /opt/avr8-gnu-toolchain-linux_x86_64/bin/../lib/gcc/avr/5.4.0/../../../../avr/lib/avr5/libc.a(itoa_ncheck.o)
 .text          0x0000000000000954        0x0 /opt/avr8-gnu-toolchain-linux_x86_64/bin/../lib/gcc/avr/5.4.0/../../../../avr/lib/avr5/libc.a(utoa_ncheck.o)
 .text          0x0000000000000954        0x0 /opt/avr8-gnu-toolchain-linux_x86_64/bin/../lib/gcc/avr/5.4.0/../../../../avr/lib/avr5/libc.a(strrev.o)
                0x0000000000000954                . = ALIGN (0x2)
 *(.text.*)
 .text.startup  0x0000000000000954      0x1e6 main.o
                0x0000000000000954                main
 .text.libgcc.mul
                0x0000000000000b3a        0x0 /opt/avr8-gnu-toolchain-linux_x86_64/bin/../lib/gcc/avr/5.4.0/avr5/libgcc.a(_udivmodqi4.o)
 .text.libgcc.div
                0x0000000000000b3a       0x18 /opt/avr8-gnu-toolchain-linux_x86_64/bin/../lib/gcc/avr/5.4.0/avr5/libgcc.a(_udivmodqi4.o)
                0x0000000000000b3a                __udivmodqi4
 .text.libgcc   0x0000000000000b52        0x0 /opt/avr8-gnu-toolchain-linux_x86_64/bin/../lib/gcc/avr/5.4.0/avr5/libgcc.a(_udivmodqi4.o)
 .text.libgcc.prologue
                0x0000000000000b52        0x0 /opt/avr8-gnu-toolchain-linux_x86_64/bin/../lib/gcc/avr/5.4.0/avr5/libgcc.a(_udivmodqi4.o)
 .text.libgcc.builtins
                0x0000000000000b52        0x0 /opt/avr8-gnu-toolchain-linux_x86_64/bin/../lib/gcc/avr/5.4.0/avr5/libgcc.a(_udivmodqi4.o)
 .text.libgcc.fmul
                0x0000000000000b52        0x0 /opt/avr8-gnu-toolchain-linux_x86_64/bin/../lib/gcc/avr/5.4.0/avr5/libgcc.a(_udivmodqi4.o)
 .text.libgcc.fixed
                0x0000000000000b52        0x0 /opt/avr8-gnu-toolchain-linux_x86_64/bin/../lib/gcc/avr/5.4.0/avr5/libgcc.a(_udivmodqi4.o)
 .text.libgcc.mul
                0x0000000000000b52        0x0 /opt/avr8-gnu-toolchain-linux_x86_64/bin/../lib/gcc/avr/5.4.0/avr5/libgcc.a(_exit.o)
 .text.libgcc.div
                0x0000000000000b52        0x0 /opt/avr8-gnu-toolchain-linux_x86_64/bin/../lib/gcc/avr/5.4.0/avr5/libgcc.a(_exit.o)
 .text.libgcc   0x0000000000000b52        0x0 /opt/avr8-gnu-toolchain-linux_x86_64/bin/../lib/gcc/avr/5.4.0/avr5/libgcc.a(_exit.o)
 .text.libgcc.prologue
                0x0000000000000b52        0x0 /opt/avr8-gnu-toolchain-linux_x86_64/bin/../lib/gcc/avr/5.4.0/avr5/libgcc.a(_exit.o)
 .text.libgcc.builtins
                0x0000000000000b52        0x0 /opt/avr8-gnu-toolchain-linux_x86_64/bin/../lib/gcc/avr/5.4.0/avr5/libgcc.a(_exit.o)
 .text.libgcc.fmul
                0x0000000000000b52        0x0 /opt/avr8-gnu-toolchain-linux_x86_64/bin/../lib/gcc/avr/5.4.0/avr5/libgcc.a(_exit.o)
 .text.libgcc.fixed
                0x0000000000000b52        0x0 /opt/avr8-gnu-toolchain-linux_x86_64/bin/../lib/gcc/avr/5.4.0/avr5/libgcc.a(_exit.o)
 .text.libgcc.mul
                0x0000000000000b52        0x0 /opt/avr8-gnu-toolchain-linux_x86_64/bin/../lib/gcc/avr/5.4.0/avr5/libgcc.a(_tablejump2.o)
 .text.libgcc.div
                0x0000000000000b52        0x0 /opt/avr8-gnu-toolchain-linux_x86_64/bin/../lib/gcc/avr/5.4.0/avr5/libgcc.a(_tablejump2.o)
 .text.libgcc   0x0000000000000b52        0xc /opt/avr8-gnu-toolchain-linux_x86_64/bin/../lib/gcc/avr/5.4.0/avr5/libgcc.a(_tablejump2.o)
                0x0000000000000b52                __tablejump2__
 .text.libgcc.prologue
                0x0000000000000b5e        0x0 /opt/avr8-gnu-toolchain-linux_x86_64/bin/../lib/gcc/avr/5.4.0/avr5/libgcc.a(_tablejump2.o)
 .text.libgcc.builtins
                0x0000000000000b5e        0x0 /opt/avr8-gnu-toolchain-linux_x86_64/bin/../lib/gcc/avr/5.4.0/avr5/libgcc.a(_tablejump2.o)
 .text.libgcc.fmul
                0x0000000000000b5e        0x0 /opt/avr8-gnu-toolchain-linux_x86_64/bin/../lib/gcc/avr/5.4.0/avr5/libgcc.a(_tablejump2.o)
 .text.libgcc.fixed
                0x0000000000000b5e        0x0 /opt/avr8-gnu-toolchain-linux_x86_64/bin/../lib/gcc/avr/5.4.0/avr5/libgcc.a(_tablejump2.o)
 .text.libgcc.mul
                0x0000000000000b5e        0x0 /opt/avr8-gnu-toolchain-linux_x86_64/bin/../lib/gcc/avr/5.4.0/avr5/libgcc.a(_copy_data.o)
 .text.libgcc.div
                0x0000000000000b5e        0x0 /opt/avr8-gnu-toolchain-linux_x86_64/bin/../lib/gcc/avr/5.4.0/avr5/libgcc.a(_copy_data.o)
 .text.libgcc   0x0000000000000b5e        0x0 /opt/avr8-gnu-toolchain-linux_x86_64/bin/../lib/gcc/avr/5.4.0/avr5/libgcc.a(_copy_data.o)
 .text.libgcc.prologue
                0x0000000000000b5e        0x0 /opt/avr8-gnu-toolchain-linux_x86_64/bin/../lib/gcc/avr/5.4.0/avr5/libgcc.a(_copy_data.o)
 .text.libgcc.builtins
                0x0000000000000b5e        0x0 /opt/avr8-gnu-toolchain-linux_x86_64/bin/../lib/gcc/avr/5.4.0/avr5/libgcc.a(_copy_data.o)
 .text.libgcc.fmul
                0x0000000000000b5e        0x0 /opt/avr8-gnu-toolchain-linux_x86_64/bin/../lib/gcc/avr/5.4.0/avr5/libgcc.a(_copy_data.o)
 .text.libgcc.fixed
                0x0000000000000b5e        0x0 /opt/avr8-gnu-toolchain-linux_x86_64/bin/../lib/gcc/avr/5.4.0/avr5/libgcc.a(_copy_data.o)
 .text.libgcc.mul
                0x0000000000000b5e        0x0 /opt/avr8-gnu-toolchain-linux_x86_64/bin/../lib/gcc/avr/5.4.0/avr5/libgcc.a(_clear_bss.o)
 .text.libgcc.div
                0x0000000000000b5e        0x0 /opt/avr8-gnu-toolchain-linux_x86_64/bin/../lib/gcc/avr/5.4.0/avr5/libgcc.a(_clear_bss.o)
 .text.libgcc   0x0000000000000b5e        0x0 /opt/avr8-gnu-toolchain-linux_x86_64/bin/../lib/gcc/avr/5.4.0/avr5/libgcc.a(_clear_bss.o)
 .text.libgcc.prologue
                0x0000000000000b5e        0x0 /opt/avr8-gnu-toolchain-linux_x86_64/bin/../lib/gcc/avr/5.4.0/avr5/libgcc.a(_clear_bss.o)
 .text.libgcc.builtins
                0x0000000000000b5e        0x0 /opt/avr8-gnu-toolchain-linux_x86_64/bin/../lib/gcc/avr/5.4.0/avr5/libgcc.a(_clear_bss.o)
 .text.libgcc.fmul
                0x0000000000000b5e        0x0 /opt/avr8-gnu-toolchain-linux_x86_64/bin/../lib/gcc/avr/5.4.0/avr5/libgcc.a(_clear_bss.o)
 .text.libgcc.fixed
                0x0000000000000b5e        0x0 /opt/avr8-gnu-toolchain-linux_x86_64/bin/../lib/gcc/avr/5.4.0/avr5/libgcc.a(_clear_bss.o)
 .text.avr-libc.fplib
                0x0000000000000b5e       0x5e /opt/avr8-gnu-toolchain-linux_x86_64/bin/../lib/gcc/avr/5.4.0/../../../../avr/lib/avr5/libm.a(fixunssfsi.o)
                0x0000000000000b5e                __fixunssfsi
 .text.avr-libc.fplib
                0x0000000000000bbc       0x7a /opt/avr8-gnu-toolchain-linux_x86_64/bin/../lib/gcc/avr/5.4.0/../../../../avr/lib/avr5/libm.a(floatsisf.o)
                0x0000000000000bbc                __floatunsisf
                0x0000000000000bc0                __floatsisf
 .text.avr-libc.fplib
                0x0000000000000c36       0x44 /opt/avr8-gnu-toolchain-linux_x86_64/bin/../lib/gcc/avr/5.4.0/../../../../avr/lib/avr5/libm.a(fp_split3.o)
                0x0000000000000c36                __fp_split3
                0x0000000000000c46                __fp_splitA
 .text.avr-libc.fplib
                0x0000000000000c7a        0xe /opt/avr8-gnu-toolchain-linux_x86_64/bin/../lib/gcc/avr/5.4.0/../../../../avr/lib/avr5/libm.a(fp_zero.o)
                0x0000000000000c7a                __fp_zero
                0x0000000000000c7c                __fp_szero
 .text.avr-libc.fplib
                0x0000000000000c88        0x8 /opt/avr8-gnu-toolchain-linux_x86_64/bin/../lib/gcc/avr/5.4.0/../../../../avr/lib/avr5/libm.a(mulsf3.o)
                0x0000000000000c88                __mulsf3
 .text.avr-libc.fplib
                0x0000000000000c90       0xd2 /opt/avr8-gnu-toolchain-linux_x86_64/bin/../lib/gcc/avr/5.4.0/../../../../avr/lib/avr5/libm.a(mulsf3x.o)
                0x0000000000000cae                __mulsf3x
                0x0000000000000cb4                __mulsf3_pse
 .text.avr-libc.fplib
                0x0000000000000d62        0xc /opt/avr8-gnu-toolchain-linux_x86_64/bin/../lib/gcc/avr/5.4.0/../../../../avr/lib/avr5/libm.a(fp_inf.o)
                0x0000000000000d62                __fp_inf
 .text.avr-libc.fplib
                0x0000000000000d6e        0x6 /opt/avr8-gnu-toolchain-linux_x86_64/bin/../lib/gcc/avr/5.4.0/../../../../avr/lib/avr5/libm.a(fp_nan.o)
                0x0000000000000d6e                __fp_nan
 .text.avr-libc.fplib
                0x0000000000000d74        0xe /opt/avr8-gnu-toolchain-linux_x86_64/bin/../lib/gcc/avr/5.4.0/../../../../avr/lib/avr5/libm.a(fp_pscA.o)
                0x0000000000000d74                __fp_pscA
 .text.avr-libc.fplib
                0x0000000000000d82        0xe /opt/avr8-gnu-toolchain-linux_x86_64/bin/../lib/gcc/avr/5.4.0/../../../../avr/lib/avr5/libm.a(fp_pscB.o)
                0x0000000000000d82                __fp_pscB
 .text.avr-libc.fplib
                0x0000000000000d90       0x22 /opt/avr8-gnu-toolchain-linux_x86_64/bin/../lib/gcc/avr/5.4.0/../../../../avr/lib/avr5/libm.a(fp_round.o)
                0x0000000000000d90                __fp_round
 .text.avr-libc
                0x0000000000000db2       0x16 /opt/avr8-gnu-toolchain-linux_x86_64/bin/../lib/gcc/avr/5.4.0/../../../../avr/lib/avr5/libc.a(itoa_ncheck.o)
                0x0000000000000db2                __itoa_ncheck
 .text.avr-libc
                0x0000000000000dc8       0x34 /opt/avr8-gnu-toolchain-linux_x86_64/bin/../lib/gcc/avr/5.4.0/../../../../avr/lib/avr5/libc.a(utoa_ncheck.o)
                0x0000000000000dc8                __utoa_ncheck
                0x0000000000000dca                __utoa_common
 .text.avr-libc
                0x0000000000000dfc       0x20 /opt/avr8-gnu-toolchain-linux_x86_64/bin/../lib/gcc/avr/5.4.0/../../../../avr/lib/avr5/libc.a(strrev.o)
                0x0000000000000dfc                strrev
                0x0000000000000e1c                . = ALIGN (0x2)
 *(.fini9)
 .fini9         0x0000000000000e1c        0x0 /opt/avr8-gnu-toolchain-linux_x86_64/bin/../lib/gcc/avr/5.4.0/avr5/libgcc.a(_exit.o)
                0x0000000000000e1c                exit
                0x0000000000000e1c                _exit
 *(.fini9)
 *(.fini8)
 *(.fini8)
 *(.fini7)
 *(.fini7)
 *(.fini6)
 *(.fini6)
 *(.fini5)
 *(.fini5)
 *(.fini4)
 *(.fini4)
 *(.fini3)
 *(.fini3)
 *(.fini2)
 *(.fini2)
 *(.fini1)
 *(.fini1)
 *(.fini0)
 .fini0         0x0000000000000e1c        0x4 /opt/avr8-gnu-toolchain-linux_x86_64/bin/../lib/gcc/avr/5.4.0/avr5/libgcc.a(_exit.o)
 *(.fini0)
                0x0000000000000e20                _etext = .

.data           0x0000000000800100       0x1c load address 0x0000000000000e20
                0x0000000000800100                PROVIDE (__data_start, .)
 *(.data)
 .data          0x0000000000800100        0x0 /opt/avr8-gnu-toolchain-linux_x86_64/bin/../lib/gcc/avr/5.4.0/../../../../avr/lib/avr5/crtatmega328p.o
 .data          0x0000000000800100        0x0 main.o
 .data          0x0000000000800100        0x0 uart.o
 .data          0x0000000000800100        0x0 twi.o
 .data          0x0000000000800100        0x0 timer.o
 .data          0x0000000000800100        0x0 nokia5110.o
 .data          0x0000000000800100        0x0 usound.o
 .data          0x0000000000800100        0x0 /opt/avr8-gnu-toolchain-linux_x86_64/bin/../lib/gcc/avr/5.4.0/avr5/libgcc.a(_udivmodqi4.o)
 .data          0x0000000000800100        0x0 /opt/avr8-gnu-toolchain-linux_x86_64/bin/../lib/gcc/avr/5.4.0/avr5/libgcc.a(_exit.o)
 .data          0x0000000000800100        0x0 /opt/avr8-gnu-toolchain-linux_x86_64/bin/../lib/gcc/avr/5.4.0/avr5/libgcc.a(_tablejump2.o)
 .data          0x0000000000800100        0x0 /opt/avr8-gnu-toolchain-linux_x86_64/bin/../lib/gcc/avr/5.4.0/avr5/libgcc.a(_copy_data.o)
 .data          0x0000000000800100        0x0 /opt/avr8-gnu-toolchain-linux_x86_64/bin/../lib/gcc/avr/5.4.0/avr5/libgcc.a(_clear_bss.o)
 .data          0x0000000000800100        0x0 /opt/avr8-gnu-toolchain-linux_x86_64/bin/../lib/gcc/avr/5.4.0/../../../../avr/lib/avr5/libm.a(fixunssfsi.o)
 .data          0x0000000000800100        0x0 /opt/avr8-gnu-toolchain-linux_x86_64/bin/../lib/gcc/avr/5.4.0/../../../../avr/lib/avr5/libm.a(floatsisf.o)
 .data          0x0000000000800100        0x0 /opt/avr8-gnu-toolchain-linux_x86_64/bin/../lib/gcc/avr/5.4.0/../../../../avr/lib/avr5/libm.a(fp_split3.o)
 .data          0x0000000000800100        0x0 /opt/avr8-gnu-toolchain-linux_x86_64/bin/../lib/gcc/avr/5.4.0/../../../../avr/lib/avr5/libm.a(fp_zero.o)
 .data          0x0000000000800100        0x0 /opt/avr8-gnu-toolchain-linux_x86_64/bin/../lib/gcc/avr/5.4.0/../../../../avr/lib/avr5/libm.a(mulsf3.o)
 .data          0x0000000000800100        0x0 /opt/avr8-gnu-toolchain-linux_x86_64/bin/../lib/gcc/avr/5.4.0/../../../../avr/lib/avr5/libm.a(mulsf3x.o)
 .data          0x0000000000800100        0x0 /opt/avr8-gnu-toolchain-linux_x86_64/bin/../lib/gcc/avr/5.4.0/../../../../avr/lib/avr5/libm.a(fp_inf.o)
 .data          0x0000000000800100        0x0 /opt/avr8-gnu-toolchain-linux_x86_64/bin/../lib/gcc/avr/5.4.0/../../../../avr/lib/avr5/libm.a(fp_nan.o)
 .data          0x0000000000800100        0x0 /opt/avr8-gnu-toolchain-linux_x86_64/bin/../lib/gcc/avr/5.4.0/../../../../avr/lib/avr5/libm.a(fp_pscA.o)
 .data          0x0000000000800100        0x0 /opt/avr8-gnu-toolchain-linux_x86_64/bin/../lib/gcc/avr/5.4.0/../../../../avr/lib/avr5/libm.a(fp_pscB.o)
 .data          0x0000000000800100        0x0 /opt/avr8-gnu-toolchain-linux_x86_64/bin/../lib/gcc/avr/5.4.0/../../../../avr/lib/avr5/libm.a(fp_round.o)
 .data          0x0000000000800100        0x0 /opt/avr8-gnu-toolchain-linux_x86_64/bin/../lib/gcc/avr/5.4.0/../../../../avr/lib/avr5/libc.a(itoa_ncheck.o)
 .data          0x0000000000800100        0x0 /opt/avr8-gnu-toolchain-linux_x86_64/bin/../lib/gcc/avr/5.4.0/../../../../avr/lib/avr5/libc.a(utoa_ncheck.o)
 .data          0x0000000000800100        0x0 /opt/avr8-gnu-toolchain-linux_x86_64/bin/../lib/gcc/avr/5.4.0/../../../../avr/lib/avr5/libc.a(strrev.o)
 *(.data*)
 *(.gnu.linkonce.d*)
 *(.rodata)
 *(.rodata*)
 .rodata.str1.1
                0x0000000000800100       0x1b main.o
 *(.gnu.linkonce.r*)
                0x000000000080011c                . = ALIGN (0x2)
 *fill*         0x000000000080011b        0x1 
                0x000000000080011c                _edata = .
                0x000000000080011c                PROVIDE (__data_end, .)

.bss            0x000000000080011c      0x23f
                0x000000000080011c                PROVIDE (__bss_start, .)
 *(.bss)
 .bss           0x000000000080011c        0x0 /opt/avr8-gnu-toolchain-linux_x86_64/bin/../lib/gcc/avr/5.4.0/../../../../avr/lib/avr5/crtatmega328p.o
 .bss           0x000000000080011c        0x0 main.o
 .bss           0x000000000080011c       0x45 uart.o
 .bss           0x0000000000800161        0x0 twi.o
 .bss           0x0000000000800161        0x0 timer.o
 .bss           0x0000000000800161      0x1fa nokia5110.o
 .bss           0x000000000080035b        0x0 usound.o
 .bss           0x000000000080035b        0x0 /opt/avr8-gnu-toolchain-linux_x86_64/bin/../lib/gcc/avr/5.4.0/avr5/libgcc.a(_udivmodqi4.o)
 .bss           0x000000000080035b        0x0 /opt/avr8-gnu-toolchain-linux_x86_64/bin/../lib/gcc/avr/5.4.0/avr5/libgcc.a(_exit.o)
 .bss           0x000000000080035b        0x0 /opt/avr8-gnu-toolchain-linux_x86_64/bin/../lib/gcc/avr/5.4.0/avr5/libgcc.a(_tablejump2.o)
 .bss           0x000000000080035b        0x0 /opt/avr8-gnu-toolchain-linux_x86_64/bin/../lib/gcc/avr/5.4.0/avr5/libgcc.a(_copy_data.o)
 .bss           0x000000000080035b        0x0 /opt/avr8-gnu-toolchain-linux_x86_64/bin/../lib/gcc/avr/5.4.0/avr5/libgcc.a(_clear_bss.o)
 .bss           0x000000000080035b        0x0 /opt/avr8-gnu-toolchain-linux_x86_64/bin/../lib/gcc/avr/5.4.0/../../../../avr/lib/avr5/libm.a(fixunssfsi.o)
 .bss           0x000000000080035b        0x0 /opt/avr8-gnu-toolchain-linux_x86_64/bin/../lib/gcc/avr/5.4.0/../../../../avr/lib/avr5/libm.a(floatsisf.o)
 .bss           0x000000000080035b        0x0 /opt/avr8-gnu-toolchain-linux_x86_64/bin/../lib/gcc/avr/5.4.0/../../../../avr/lib/avr5/libm.a(fp_split3.o)
 .bss           0x000000000080035b        0x0 /opt/avr8-gnu-toolchain-linux_x86_64/bin/../lib/gcc/avr/5.4.0/../../../../avr/lib/avr5/libm.a(fp_zero.o)
 .bss           0x000000000080035b        0x0 /opt/avr8-gnu-toolchain-linux_x86_64/bin/../lib/gcc/avr/5.4.0/../../../../avr/lib/avr5/libm.a(mulsf3.o)
 .bss           0x000000000080035b        0x0 /opt/avr8-gnu-toolchain-linux_x86_64/bin/../lib/gcc/avr/5.4.0/../../../../avr/lib/avr5/libm.a(mulsf3x.o)
 .bss           0x000000000080035b        0x0 /opt/avr8-gnu-toolchain-linux_x86_64/bin/../lib/gcc/avr/5.4.0/../../../../avr/lib/avr5/libm.a(fp_inf.o)
 .bss           0x000000000080035b        0x0 /opt/avr8-gnu-toolchain-linux_x86_64/bin/../lib/gcc/avr/5.4.0/../../../../avr/lib/avr5/libm.a(fp_nan.o)
 .bss           0x000000000080035b        0x0 /opt/avr8-gnu-toolchain-linux_x86_64/bin/../lib/gcc/avr/5.4.0/../../../../avr/lib/avr5/libm.a(fp_pscA.o)
 .bss           0x000000000080035b        0x0 /opt/avr8-gnu-toolchain-linux_x86_64/bin/../lib/gcc/avr/5.4.0/../../../../avr/lib/avr5/libm.a(fp_pscB.o)
 .bss           0x000000000080035b        0x0 /opt/avr8-gnu-toolchain-linux_x86_64/bin/../lib/gcc/avr/5.4.0/../../../../avr/lib/avr5/libm.a(fp_round.o)
 .bss           0x000000000080035b        0x0 /opt/avr8-gnu-toolchain-linux_x86_64/bin/../lib/gcc/avr/5.4.0/../../../../avr/lib/avr5/libc.a(itoa_ncheck.o)
 .bss           0x000000000080035b        0x0 /opt/avr8-gnu-toolchain-linux_x86_64/bin/../lib/gcc/avr/5.4.0/../../../../avr/lib/avr5/libc.a(utoa_ncheck.o)
 .bss           0x000000000080035b        0x0 /opt/avr8-gnu-toolchain-linux_x86_64/bin/../lib/gcc/avr/5.4.0/../../../../avr/lib/avr5/libc.a(strrev.o)
 *(.bss*)
 *(COMMON)
                0x000000000080035b                PROVIDE (__bss_end, .)
                0x0000000000000e20                __data_load_start = LOADADDR (.data)
                0x0000000000000e3c                __data_load_end = (__data_load_start + SIZEOF (.data))

.noinit         0x000000000080035b        0x0
                [!provide]                        PROVIDE (__noinit_start, .)
 *(.noinit*)
                [!provide]                        PROVIDE (__noinit_end, .)
                0x000000000080035b                _end = .
                [!provide]                        PROVIDE (__heap_start, .)

.eeprom         0x0000000000810000        0x0
 *(.eeprom*)
                0x0000000000810000                __eeprom_end = .

.fuse
 *(.fuse)
 *(.lfuse)
 *(.hfuse)
 *(.efuse)

.lock
 *(.lock*)

.signature
 *(.signature*)

.user_signatures
 *(.user_signatures*)

.stab
 *(.stab)

.stabstr
 *(.stabstr)

.stab.excl
 *(.stab.excl)

.stab.exclstr
 *(.stab.exclstr)

.stab.index
 *(.stab.index)

.stab.indexstr
 *(.stab.indexstr)

.comment        0x0000000000000000       0x30
 *(.comment)
 .comment       0x0000000000000000       0x30 main.o
                                         0x31 (size before relaxing)
 .comment       0x0000000000000030       0x31 uart.o
 .comment       0x0000000000000030       0x31 twi.o
 .comment       0x0000000000000030       0x31 timer.o
 .comment       0x0000000000000030       0x31 nokia5110.o
 .comment       0x0000000000000030       0x31 usound.o

.note.gnu.avr.deviceinfo
                0x0000000000000000       0x40
 .note.gnu.avr.deviceinfo
                0x0000000000000000       0x40 /opt/avr8-gnu-toolchain-linux_x86_64/bin/../lib/gcc/avr/5.4.0/../../../../avr/lib/avr5/crtatmega328p.o

.note.gnu.build-id
 *(.note.gnu.build-id)

.debug
 *(.debug)

.line
 *(.line)

.debug_srcinfo
 *(.debug_srcinfo)

.debug_sfnames
 *(.debug_sfnames)

.debug_aranges  0x0000000000000000       0xc8
 *(.debug_aranges)
 .debug_aranges
                0x0000000000000000       0x28 main.o
 .debug_aranges
                0x0000000000000028       0x20 uart.o
 .debug_aranges
                0x0000000000000048       0x20 twi.o
 .debug_aranges
                0x0000000000000068       0x20 timer.o
 .debug_aranges
                0x0000000000000088       0x20 nokia5110.o
 .debug_aranges
                0x00000000000000a8       0x20 usound.o

.debug_pubnames
 *(.debug_pubnames)

.debug_info     0x0000000000000000     0x1ab1
 *(.debug_info .gnu.linkonce.wi.*)
 .debug_info    0x0000000000000000      0x5f4 /opt/avr8-gnu-toolchain-linux_x86_64/bin/../lib/gcc/avr/5.4.0/../../../../avr/lib/avr5/crtatmega328p.o
 .debug_info    0x00000000000005f4      0x867 main.o
 .debug_info    0x0000000000000e5b      0x30c uart.o
 .debug_info    0x0000000000001167      0x12e twi.o
 .debug_info    0x0000000000001295       0xd5 timer.o
 .debug_info    0x000000000000136a      0x5d3 nokia5110.o
 .debug_info    0x000000000000193d      0x174 usound.o

.debug_abbrev   0x0000000000000000      0xd17
 *(.debug_abbrev)
 .debug_abbrev  0x0000000000000000      0x5a2 /opt/avr8-gnu-toolchain-linux_x86_64/bin/../lib/gcc/avr/5.4.0/../../../../avr/lib/avr5/crtatmega328p.o
 .debug_abbrev  0x00000000000005a2      0x231 main.o
 .debug_abbrev  0x00000000000007d3      0x111 uart.o
 .debug_abbrev  0x00000000000008e4       0xbd twi.o
 .debug_abbrev  0x00000000000009a1       0x87 timer.o
 .debug_abbrev  0x0000000000000a28      0x200 nokia5110.o
 .debug_abbrev  0x0000000000000c28       0xef usound.o

.debug_line     0x0000000000000000      0xc5d
 *(.debug_line .debug_line.* .debug_line_end)
 .debug_line    0x0000000000000000       0x1a /opt/avr8-gnu-toolchain-linux_x86_64/bin/../lib/gcc/avr/5.4.0/../../../../avr/lib/avr5/crtatmega328p.o
 .debug_line    0x000000000000001a      0x299 main.o
 .debug_line    0x00000000000002b3      0x1bd uart.o
 .debug_line    0x0000000000000470      0x159 twi.o
 .debug_line    0x00000000000005c9      0x217 timer.o
 .debug_line    0x00000000000007e0      0x354 nokia5110.o
 .debug_line    0x0000000000000b34      0x129 usound.o

.debug_frame    0x0000000000000000      0x318
 *(.debug_frame)
 .debug_frame   0x0000000000000000       0x50 main.o
 .debug_frame   0x0000000000000050       0xe0 uart.o
 .debug_frame   0x0000000000000130       0x74 twi.o
 .debug_frame   0x00000000000001a4       0x34 timer.o
 .debug_frame   0x00000000000001d8      0x10c nokia5110.o
 .debug_frame   0x00000000000002e4       0x34 usound.o

.debug_str      0x0000000000000000      0x743
 *(.debug_str)
 .debug_str     0x0000000000000000      0x208 /opt/avr8-gnu-toolchain-linux_x86_64/bin/../lib/gcc/avr/5.4.0/../../../../avr/lib/avr5/crtatmega328p.o
 .debug_str     0x0000000000000208      0x2a7 main.o
                                        0x2ec (size before relaxing)
 .debug_str     0x00000000000004af      0x103 uart.o
                                        0x20d (size before relaxing)
 .debug_str     0x00000000000005b2       0x3d twi.o
                                        0x16d (size before relaxing)
 .debug_str     0x00000000000005ef       0x62 timer.o
                                        0x159 (size before relaxing)
 .debug_str     0x0000000000000651       0xb8 nokia5110.o
                                        0x28a (size before relaxing)
 .debug_str     0x0000000000000709       0x3a usound.o
                                        0x186 (size before relaxing)

.debug_loc      0x0000000000000000     0x1021
 *(.debug_loc)
 .debug_loc     0x0000000000000000      0x500 main.o
 .debug_loc     0x0000000000000500      0x32c uart.o
 .debug_loc     0x000000000000082c       0x5a twi.o
 .debug_loc     0x0000000000000886      0x1be timer.o
 .debug_loc     0x0000000000000a44      0x509 nokia5110.o
 .debug_loc     0x0000000000000f4d       0xd4 usound.o

.debug_macinfo
 *(.debug_macinfo)

.debug_weaknames
 *(.debug_weaknames)

.debug_funcnames
 *(.debug_funcnames)

.debug_typenames
 *(.debug_typenames)

.debug_varnames
 *(.debug_varnames)

.debug_pubtypes
 *(.debug_pubtypes)

.debug_ranges   0x0000000000000000       0x48
 *(.debug_ranges)
 .debug_ranges  0x0000000000000000       0x30 main.o
 .debug_ranges  0x0000000000000030       0x18 nokia5110.o

.debug_macro
 *(.debug_macro)
OUTPUT(DEMO.elf elf32-avr)
LOAD linker stubs

Cross Reference Table

Symbol                                            File
CHARSET                                           nokia5110.o
TIM_config_interrupt                              timer.o
TIM_config_prescaler                              timer.o
__FUSE_REGION_LENGTH__                            /opt/avr8-gnu-toolchain-linux_x86_64/bin/../lib/gcc/avr/5.4.0/../../../../avr/lib/avr5/crtatmega328p.o
__bad_interrupt                                   /opt/avr8-gnu-toolchain-linux_x86_64/bin/../lib/gcc/avr/5.4.0/../../../../avr/lib/avr5/crtatmega328p.o
__bss_end                                         /opt/avr8-gnu-toolchain-linux_x86_64/bin/../lib/gcc/avr/5.4.0/avr5/libgcc.a(_clear_bss.o)
__bss_start                                       /opt/avr8-gnu-toolchain-linux_x86_64/bin/../lib/gcc/avr/5.4.0/avr5/libgcc.a(_clear_bss.o)
__data_end                                        /opt/avr8-gnu-toolchain-linux_x86_64/bin/../lib/gcc/avr/5.4.0/avr5/libgcc.a(_copy_data.o)
__data_load_start                                 /opt/avr8-gnu-toolchain-linux_x86_64/bin/../lib/gcc/avr/5.4.0/avr5/libgcc.a(_copy_data.o)
__data_start                                      /opt/avr8-gnu-toolchain-linux_x86_64/bin/../lib/gcc/avr/5.4.0/avr5/libgcc.a(_copy_data.o)
__do_clear_bss                                    /opt/avr8-gnu-toolchain-linux_x86_64/bin/../lib/gcc/avr/5.4.0/avr5/libgcc.a(_clear_bss.o)
                                                  nokia5110.o
                                                  uart.o
__do_copy_data                                    /opt/avr8-gnu-toolchain-linux_x86_64/bin/../lib/gcc/avr/5.4.0/avr5/libgcc.a(_copy_data.o)
                                                  main.o
__fixunssfsi                                      /opt/avr8-gnu-toolchain-linux_x86_64/bin/../lib/gcc/avr/5.4.0/../../../../avr/lib/avr5/libm.a(fixunssfsi.o)
                                                  usound.o
__floatsisf                                       /opt/avr8-gnu-toolchain-linux_x86_64/bin/../lib/gcc/avr/5.4.0/../../../../avr/lib/avr5/libm.a(floatsisf.o)
__floatunsisf                                     /opt/avr8-gnu-toolchain-linux_x86_64/bin/../lib/gcc/avr/5.4.0/../../../../avr/lib/avr5/libm.a(floatsisf.o)
                                                  usound.o
__fp_inf                                          /opt/avr8-gnu-toolchain-linux_x86_64/bin/../lib/gcc/avr/5.4.0/../../../../avr/lib/avr5/libm.a(fp_inf.o)
                                                  /opt/avr8-gnu-toolchain-linux_x86_64/bin/../lib/gcc/avr/5.4.0/../../../../avr/lib/avr5/libm.a(mulsf3x.o)
__fp_nan                                          /opt/avr8-gnu-toolchain-linux_x86_64/bin/../lib/gcc/avr/5.4.0/../../../../avr/lib/avr5/libm.a(fp_nan.o)
                                                  /opt/avr8-gnu-toolchain-linux_x86_64/bin/../lib/gcc/avr/5.4.0/../../../../avr/lib/avr5/libm.a(mulsf3x.o)
__fp_pscA                                         /opt/avr8-gnu-toolchain-linux_x86_64/bin/../lib/gcc/avr/5.4.0/../../../../avr/lib/avr5/libm.a(fp_pscA.o)
                                                  /opt/avr8-gnu-toolchain-linux_x86_64/bin/../lib/gcc/avr/5.4.0/../../../../avr/lib/avr5/libm.a(mulsf3x.o)
__fp_pscB                                         /opt/avr8-gnu-toolchain-linux_x86_64/bin/../lib/gcc/avr/5.4.0/../../../../avr/lib/avr5/libm.a(fp_pscB.o)
                                                  /opt/avr8-gnu-toolchain-linux_x86_64/bin/../lib/gcc/avr/5.4.0/../../../../avr/lib/avr5/libm.a(mulsf3x.o)
__fp_round                                        /opt/avr8-gnu-toolchain-linux_x86_64/bin/../lib/gcc/avr/5.4.0/../../../../avr/lib/avr5/libm.a(fp_round.o)
                                                  /opt/avr8-gnu-toolchain-linux_x86_64/bin/../lib/gcc/avr/5.4.0/../../../../avr/lib/avr5/libm.a(mulsf3.o)
__fp_split3                                       /opt/avr8-gnu-toolchain-linux_x86_64/bin/../lib/gcc/avr/5.4.0/../../../../avr/lib/avr5/libm.a(fp_split3.o)
                                                  /opt/avr8-gnu-toolchain-linux_x86_64/bin/../lib/gcc/avr/5.4.0/../../../../avr/lib/avr5/libm.a(mulsf3x.o)
__fp_splitA                                       /opt/avr8-gnu-toolchain-linux_x86_64/bin/../lib/gcc/avr/5.4.0/../../../../avr/lib/avr5/libm.a(fp_split3.o)
                                                  /opt/avr8-gnu-toolchain-linux_x86_64/bin/../lib/gcc/avr/5.4.0/../../../../avr/lib/avr5/libm.a(fixunssfsi.o)
__fp_szero                                        /opt/avr8-gnu-toolchain-linux_x86_64/bin/../lib/gcc/avr/5.4.0/../../../../avr/lib/avr5/libm.a(fp_zero.o)
                                                  /opt/avr8-gnu-toolchain-linux_x86_64/bin/../lib/gcc/avr/5.4.0/../../../../avr/lib/avr5/libm.a(mulsf3x.o)
__fp_zero                                         /opt/avr8-gnu-toolchain-linux_x86_64/bin/../lib/gcc/avr/5.4.0/../../../../avr/lib/avr5/libm.a(fp_zero.o)
                                                  /opt/avr8-gnu-toolchain-linux_x86_64/bin/../lib/gcc/avr/5.4.0/../../../../avr/lib/avr5/libm.a(fixunssfsi.o)
__heap_end                                        /opt/avr8-gnu-toolchain-linux_x86_64/bin/../lib/gcc/avr/5.4.0/../../../../avr/lib/avr5/crtatmega328p.o
__init                                            /opt/avr8-gnu-toolchain-linux_x86_64/bin/../lib/gcc/avr/5.4.0/../../../../avr/lib/avr5/crtatmega328p.o
__itoa_ncheck                                     /opt/avr8-gnu-toolchain-linux_x86_64/bin/../lib/gcc/avr/5.4.0/../../../../avr/lib/avr5/libc.a(itoa_ncheck.o)
                                                  main.o
__mulsf3                                          /opt/avr8-gnu-toolchain-linux_x86_64/bin/../lib/gcc/avr/5.4.0/../../../../avr/lib/avr5/libm.a(mulsf3.o)
                                                  usound.o
__mulsf3_pse                                      /opt/avr8-gnu-toolchain-linux_x86_64/bin/../lib/gcc/avr/5.4.0/../../../../avr/lib/avr5/libm.a(mulsf3x.o)
__mulsf3x                                         /opt/avr8-gnu-toolchain-linux_x86_64/bin/../lib/gcc/avr/5.4.0/../../../../avr/lib/avr5/libm.a(mulsf3x.o)
                                                  /opt/avr8-gnu-toolchain-linux_x86_64/bin/../lib/gcc/avr/5.4.0/../../../../avr/lib/avr5/libm.a(mulsf3.o)
__stack                                           /opt/avr8-gnu-toolchain-linux_x86_64/bin/../lib/gcc/avr/5.4.0/../../../../avr/lib/avr5/crtatmega328p.o
__tablejump2__                                    /opt/avr8-gnu-toolchain-linux_x86_64/bin/../lib/gcc/avr/5.4.0/avr5/libgcc.a(_tablejump2.o)
                                                  timer.o
__udivmodqi4                                      /opt/avr8-gnu-toolchain-linux_x86_64/bin/../lib/gcc/avr/5.4.0/avr5/libgcc.a(_udivmodqi4.o)
                                                  nokia5110.o
__utoa_common                                     /opt/avr8-gnu-toolchain-linux_x86_64/bin/../lib/gcc/avr/5.4.0/../../../../avr/lib/avr5/libc.a(utoa_ncheck.o)
                                                  /opt/avr8-gnu-toolchain-linux_x86_64/bin/../lib/gcc/avr/5.4.0/../../../../avr/lib/avr5/libc.a(itoa_ncheck.o)
__utoa_ncheck                                     /opt/avr8-gnu-toolchain-linux_x86_64/bin/../lib/gcc/avr/5.4.0/../../../../avr/lib/avr5/libc.a(utoa_ncheck.o)
__vector_1                                        /opt/avr8-gnu-toolchain-linux_x86_64/bin/../lib/gcc/avr/5.4.0/../../../../avr/lib/avr5/crtatmega328p.o
__vector_10                                       /opt/avr8-gnu-toolchain-linux_x86_64/bin/../lib/gcc/avr/5.4.0/../../../../avr/lib/avr5/crtatmega328p.o
__vector_11                                       /opt/avr8-gnu-toolchain-linux_x86_64/bin/../lib/gcc/avr/5.4.0/../../../../avr/lib/avr5/crtatmega328p.o
__vector_12                                       /opt/avr8-gnu-toolchain-linux_x86_64/bin/../lib/gcc/avr/5.4.0/../../../../avr/lib/avr5/crtatmega328p.o
__vector_13                                       /opt/avr8-gnu-toolchain-linux_x86_64/bin/../lib/gcc/avr/5.4.0/../../../../avr/lib/avr5/crtatmega328p.o
__vector_14                                       /opt/avr8-gnu-toolchain-linux_x86_64/bin/../lib/gcc/avr/5.4.0/../../../../avr/lib/avr5/crtatmega328p.o
__vector_15                                       /opt/avr8-gnu-toolchain-linux_x86_64/bin/../lib/gcc/avr/5.4.0/../../../../avr/lib/avr5/crtatmega328p.o
__vector_16                                       /opt/avr8-gnu-toolchain-linux_x86_64/bin/../lib/gcc/avr/5.4.0/../../../../avr/lib/avr5/crtatmega328p.o
__vector_17                                       /opt/avr8-gnu-toolchain-linux_x86_64/bin/../lib/gcc/avr/5.4.0/../../../../avr/lib/avr5/crtatmega328p.o
__vector_18                                       uart.o
                                                  /opt/avr8-gnu-toolchain-linux_x86_64/bin/../lib/gcc/avr/5.4.0/../../../../avr/lib/avr5/crtatmega328p.o
__vector_19                                       uart.o
                                                  /opt/avr8-gnu-toolchain-linux_x86_64/bin/../lib/gcc/avr/5.4.0/../../../../avr/lib/avr5/crtatmega328p.o
__vector_2                                        /opt/avr8-gnu-toolchain-linux_x86_64/bin/../lib/gcc/avr/5.4.0/../../../../avr/lib/avr5/crtatmega328p.o
__vector_20                                       /opt/avr8-gnu-toolchain-linux_x86_64/bin/../lib/gcc/avr/5.4.0/../../../../avr/lib/avr5/crtatmega328p.o
__vector_21                                       /opt/avr8-gnu-toolchain-linux_x86_64/bin/../lib/gcc/avr/5.4.0/../../../../avr/lib/avr5/crtatmega328p.o
__vector_22                                       /opt/avr8-gnu-toolchain-linux_x86_64/bin/../lib/gcc/avr/5.4.0/../../../../avr/lib/avr5/crtatmega328p.o
__vector_23                                       /opt/avr8-gnu-toolchain-linux_x86_64/bin/../lib/gcc/avr/5.4.0/../../../../avr/lib/avr5/crtatmega328p.o
__vector_24                                       /opt/avr8-gnu-toolchain-linux_x86_64/bin/../lib/gcc/avr/5.4.0/../../../../avr/lib/avr5/crtatmega328p.o
__vector_25                                       /opt/avr8-gnu-toolchain-linux_x86_64/bin/../lib/gcc/avr/5.4.0/../../../../avr/lib/avr5/crtatmega328p.o
__vector_3                                        /opt/avr8-gnu-toolchain-linux_x86_64/bin/../lib/gcc/avr/5.4.0/../../../../avr/lib/avr5/crtatmega328p.o
__vector_4                                        /opt/avr8-gnu-toolchain-linux_x86_64/bin/../lib/gcc/avr/5.4.0/../../../../avr/lib/avr5/crtatmega328p.o
__vector_5                                        /opt/avr8-gnu-toolchain-linux_x86_64/bin/../lib/gcc/avr/5.4.0/../../../../avr/lib/avr5/crtatmega328p.o
__vector_6                                        /opt/avr8-gnu-toolchain-linux_x86_64/bin/../lib/gcc/avr/5.4.0/../../../../avr/lib/avr5/crtatmega328p.o
__vector_7                                        /opt/avr8-gnu-toolchain-linux_x86_64/bin/../lib/gcc/avr/5.4.0/../../../../avr/lib/avr5/crtatmega328p.o
__vector_8                                        /opt/avr8-gnu-toolchain-linux_x86_64/bin/../lib/gcc/avr/5.4.0/../../../../avr/lib/avr5/crtatmega328p.o
__vector_9                                        /opt/avr8-gnu-toolchain-linux_x86_64/bin/../lib/gcc/avr/5.4.0/../../../../avr/lib/avr5/crtatmega328p.o
__vector_default                                  /opt/avr8-gnu-toolchain-linux_x86_64/bin/../lib/gcc/avr/5.4.0/../../../../avr/lib/avr5/crtatmega328p.o
__vectors                                         /opt/avr8-gnu-toolchain-linux_x86_64/bin/../lib/gcc/avr/5.4.0/../../../../avr/lib/avr5/crtatmega328p.o
_exit                                             /opt/avr8-gnu-toolchain-linux_x86_64/bin/../lib/gcc/avr/5.4.0/avr5/libgcc.a(_exit.o)
exit                                              /opt/avr8-gnu-toolchain-linux_x86_64/bin/../lib/gcc/avr/5.4.0/avr5/libgcc.a(_exit.o)
                                                  /opt/avr8-gnu-toolchain-linux_x86_64/bin/../lib/gcc/avr/5.4.0/../../../../avr/lib/avr5/crtatmega328p.o
main                                              main.o
                                                  /opt/avr8-gnu-toolchain-linux_x86_64/bin/../lib/gcc/avr/5.4.0/../../../../avr/lib/avr5/crtatmega328p.o
nokia_lcd_clear                                   nokia5110.o
                                                  main.o
nokia_lcd_init                                    nokia5110.o
                                                  main.o
nokia_lcd_power                                   nokia5110.o
nokia_lcd_render                                  nokia5110.o
                                                  main.o
nokia_lcd_set_cursor                              nokia5110.o
                                                  main.o
nokia_lcd_set_pixel                               nokia5110.o
nokia_lcd_write_char                              nokia5110.o
nokia_lcd_write_string                            nokia5110.o
                                                  main.o
readDistance                                      usound.o
                                                  main.o
strrev                                            /opt/avr8-gnu-toolchain-linux_x86_64/bin/../lib/gcc/avr/5.4.0/../../../../avr/lib/avr5/libc.a(strrev.o)
                                                  /opt/avr8-gnu-toolchain-linux_x86_64/bin/../lib/gcc/avr/5.4.0/../../../../avr/lib/avr5/libc.a(utoa_ncheck.o)
time_dif                                          main.o
twi_init                                          twi.o
                                                  main.o
twi_read_ack                                      twi.o
twi_read_nack                                     twi.o
                                                  main.o
twi_start                                         twi.o
                                                  main.o
twi_stop                                          twi.o
                                                  main.o
twi_write                                         twi.o
                                                  main.o
uart_getc                                         uart.o
uart_init                                         uart.o
uart_putc                                         uart.o
uart_puts                                         uart.o
uart_puts_p                                       uart.o
usound_init                                       usound.o
                                                  main.o
